{
  "Entries": [
    {
      "RequestUri": "/subscriptions/8cfb8b62-bcd6-4713-89ad-18097f75cc5b/resourceGroups/testclrg/providers/Microsoft.Sql/locations/southeastasia/instanceFailoverGroups/ps5121?api-version=2017-10-01-preview",
      "EncodedRequestUri": "L3N1YnNjcmlwdGlvbnMvOGNmYjhiNjItYmNkNi00NzEzLTg5YWQtMTgwOTdmNzVjYzViL3Jlc291cmNlR3JvdXBzL3Rlc3RjbHJnL3Byb3ZpZGVycy9NaWNyb3NvZnQuU3FsL2xvY2F0aW9ucy9zb3V0aGVhc3Rhc2lhL2luc3RhbmNlRmFpbG92ZXJHcm91cHMvcHM1MTIxP2FwaS12ZXJzaW9uPTIwMTctMTAtMDEtcHJldmlldw==",
      "RequestMethod": "GET",
      "RequestBody": "",
      "RequestHeaders": {
        "x-ms-client-request-id": [
          "17eeebc3-c7c5-4239-978b-7b6de02c2977"
        ],
        "accept-language": [
          "en-US"
        ],
        "User-Agent": [
          "FxVersion/4.7.2563.0",
          "OSName/WindowsServer2012R2Datacenter",
          "OSVersion/6.3.9600",
          "Microsoft.Azure.Management.Sql.SqlManagementClient/1.13.1.0"
        ]
      },
      "ResponseBody": "{\r\n  \"error\": {\r\n    \"code\": \"ResourceNotFound\",\r\n    \"message\": \"The requested resource of type 'Microsoft.Sql/locations/instanceFailoverGroups' with name 'ps5121' was not found.\"\r\n  }\r\n}",
      "ResponseHeaders": {
        "Content-Length": [
          "163"
        ],
        "Content-Type": [
          "application/json; charset=utf-8"
        ],
        "Expires": [
          "-1"
        ],
        "Pragma": [
          "no-cache"
        ],
        "x-ms-request-id": [
          "4f39ab73-f097-49bb-beac-05edb48463cf"
        ],
        "x-ms-ratelimit-remaining-subscription-reads": [
          "14969"
        ],
        "x-ms-correlation-request-id": [
          "c55190f0-82cb-4d67-b67c-91a436ecade8"
        ],
        "x-ms-routing-request-id": [
          "NORTHEUROPE:20180430T232634Z:c55190f0-82cb-4d67-b67c-91a436ecade8"
        ],
        "Strict-Transport-Security": [
          "max-age=31536000; includeSubDomains"
        ],
        "X-Content-Type-Options": [
          "nosniff"
        ],
        "Cache-Control": [
          "no-cache"
        ],
        "Date": [
          "Mon, 30 Apr 2018 23:26:33 GMT"
        ],
        "Server": [
          "Microsoft-HTTPAPI/2.0"
        ]
      },
      "StatusCode": 404
    },
    {
      "RequestUri": "/subscriptions/8cfb8b62-bcd6-4713-89ad-18097f75cc5b/resourceGroups/testclrg/providers/Microsoft.Sql/locations/southeastasia/instanceFailoverGroups/ps5121?api-version=2017-10-01-preview",
      "EncodedRequestUri": "L3N1YnNjcmlwdGlvbnMvOGNmYjhiNjItYmNkNi00NzEzLTg5YWQtMTgwOTdmNzVjYzViL3Jlc291cmNlR3JvdXBzL3Rlc3RjbHJnL3Byb3ZpZGVycy9NaWNyb3NvZnQuU3FsL2xvY2F0aW9ucy9zb3V0aGVhc3Rhc2lhL2luc3RhbmNlRmFpbG92ZXJHcm91cHMvcHM1MTIxP2FwaS12ZXJzaW9uPTIwMTctMTAtMDEtcHJldmlldw==",
      "RequestMethod": "GET",
      "RequestBody": "",
      "RequestHeaders": {
        "User-Agent": [
          "FxVersion/4.7.2563.0",
          "OSName/WindowsServer2012R2Datacenter",
          "OSVersion/6.3.9600",
          "Microsoft.Azure.Management.Sql.SqlManagementClient/1.13.1.0"
        ]
      },
      "ResponseBody": "{\r\n  \"properties\": {\r\n    \"readWriteEndpoint\": {\r\n      \"failoverPolicy\": \"Automatic\",\r\n      \"failoverWithDataLossGracePeriodMinutes\": 60\r\n    },\r\n    \"readOnlyEndpoint\": {\r\n      \"failoverPolicy\": \"Disabled\"\r\n    },\r\n    \"replicationRole\": \"Primary\",\r\n    \"replicationState\": \"CATCH_UP\",\r\n    \"partnerRegions\": [\r\n      {\r\n        \"location\": \"Southeast Asia\",\r\n        \"replicationRole\": \"Secondary\"\r\n      }\r\n    ],\r\n    \"managedInstancePairs\": [\r\n      {\r\n        \"primaryManagedInstanceId\": \"/subscriptions/8cfb8b62-bcd6-4713-89ad-18097f75cc5b/resourceGroups/testclrg/providers/Microsoft.Sql/managedInstances/tdstage-haimb-dont-delete-3\",\r\n        \"partnerManagedInstanceId\": \"/subscriptions/8cfb8b62-bcd6-4713-89ad-18097f75cc5b/resourceGroups/testclrg/providers/Microsoft.Sql/managedInstances/threat-detection-test-1\"\r\n      }\r\n    ]\r\n  },\r\n  \"id\": \"/subscriptions/8cfb8b62-bcd6-4713-89ad-18097f75cc5b/resourceGroups/testclrg/providers/Microsoft.Sql/locations/Southeast Asia/instanceFailoverGroups/ps5121\",\r\n  \"name\": \"ps5121\",\r\n  \"type\": \"Microsoft.Sql/locations/instanceFailoverGroups\"\r\n}",
      "ResponseHeaders": {
        "Content-Length": [
          "902"
        ],
        "Content-Type": [
          "application/json; charset=utf-8"
        ],
        "Expires": [
          "-1"
        ],
        "Pragma": [
          "no-cache"
        ],
        "x-ms-request-id": [
          "72ab5ca1-60d0-4a05-b072-4ed13908b49e"
        ],
        "x-ms-ratelimit-remaining-subscription-reads": [
          "14966"
        ],
        "x-ms-correlation-request-id": [
          "b50f6434-4e94-4af0-9647-1b90ba0e425a"
        ],
        "x-ms-routing-request-id": [
          "NORTHEUROPE:20180430T232657Z:b50f6434-4e94-4af0-9647-1b90ba0e425a"
        ],
        "Strict-Transport-Security": [
          "max-age=31536000; includeSubDomains"
        ],
        "X-Content-Type-Options": [
          "nosniff"
        ],
        "Cache-Control": [
          "no-cache"
        ],
        "Date": [
          "Mon, 30 Apr 2018 23:26:57 GMT"
        ],
        "Server": [
          "Microsoft-HTTPAPI/2.0"
        ]
      },
      "StatusCode": 200
    },
    {
      "RequestUri": "/subscriptions/8cfb8b62-bcd6-4713-89ad-18097f75cc5b/resourceGroups/testclrg/providers/Microsoft.Sql/locations/southeastasia/instanceFailoverGroups/ps5121?api-version=2017-10-01-preview",
      "EncodedRequestUri": "L3N1YnNjcmlwdGlvbnMvOGNmYjhiNjItYmNkNi00NzEzLTg5YWQtMTgwOTdmNzVjYzViL3Jlc291cmNlR3JvdXBzL3Rlc3RjbHJnL3Byb3ZpZGVycy9NaWNyb3NvZnQuU3FsL2xvY2F0aW9ucy9zb3V0aGVhc3Rhc2lhL2luc3RhbmNlRmFpbG92ZXJHcm91cHMvcHM1MTIxP2FwaS12ZXJzaW9uPTIwMTctMTAtMDEtcHJldmlldw==",
      "RequestMethod": "PUT",
      "RequestBody": "{\r\n  \"properties\": {\r\n    \"readWriteEndpoint\": {\r\n      \"failoverPolicy\": \"Automatic\",\r\n      \"failoverWithDataLossGracePeriodMinutes\": 60\r\n    },\r\n    \"readOnlyEndpoint\": {\r\n      \"failoverPolicy\": \"Disabled\"\r\n    },\r\n    \"partnerRegions\": [\r\n      {\r\n        \"location\": \"southeastasia\"\r\n      }\r\n    ],\r\n    \"managedInstancePairs\": [\r\n      {\r\n        \"primaryManagedInstanceId\": \"/subscriptions/8cfb8b62-bcd6-4713-89ad-18097f75cc5b/resourceGroups/testclrg/providers/Microsoft.Sql/ManagedInstances/tdstage-haimb-dont-delete-3\",\r\n        \"partnerManagedInstanceId\": \"/subscriptions/8cfb8b62-bcd6-4713-89ad-18097f75cc5b/resourceGroups/testclrg/providers/Microsoft.Sql/ManagedInstances/threat-detection-test-1\"\r\n      }\r\n    ]\r\n  }\r\n}",
      "RequestHeaders": {
        "Content-Type": [
          "application/json; charset=utf-8"
        ],
        "Content-Length": [
          "734"
        ],
        "x-ms-client-request-id": [
          "388c4839-bca5-4729-a179-7b52320eb921"
        ],
        "accept-language": [
          "en-US"
        ],
        "User-Agent": [
          "FxVersion/4.7.2563.0",
          "OSName/WindowsServer2012R2Datacenter",
          "OSVersion/6.3.9600",
          "Microsoft.Azure.Management.Sql.SqlManagementClient/1.13.1.0"
        ]
      },
      "ResponseBody": "{\r\n  \"operation\": \"CreateManagedFailoverGroup\",\r\n  \"startTime\": \"2018-04-30T23:26:35.14Z\"\r\n}",
      "ResponseHeaders": {
        "Content-Length": [
          "80"
        ],
        "Content-Type": [
          "application/json; charset=utf-8"
        ],
        "Expires": [
          "-1"
        ],
        "Pragma": [
          "no-cache"
        ],
        "Retry-After": [
          "10"
        ],
        "Azure-AsyncOperation": [
          "https://api-dogfood.resources.windows-int.net/subscriptions/8cfb8b62-bcd6-4713-89ad-18097f75cc5b/providers/Microsoft.Sql/locations/southeastasia/instanceFailoverGroupAzureAsyncOperation/6fc0b200-a46d-43af-8f66-5fdb13fd2bd6?api-version=2017-10-01-preview"
        ],
        "x-ms-request-id": [
          "6fc0b200-a46d-43af-8f66-5fdb13fd2bd6"
        ],
        "x-ms-ratelimit-remaining-subscription-writes": [
          "1195"
        ],
        "x-ms-correlation-request-id": [
          "f1f07ea4-e390-4b29-a9aa-db544b673232"
        ],
        "x-ms-routing-request-id": [
          "NORTHEUROPE:20180430T232636Z:f1f07ea4-e390-4b29-a9aa-db544b673232"
        ],
        "Strict-Transport-Security": [
          "max-age=31536000; includeSubDomains"
        ],
        "X-Content-Type-Options": [
          "nosniff"
        ],
        "Cache-Control": [
          "no-cache"
        ],
        "Date": [
          "Mon, 30 Apr 2018 23:26:36 GMT"
        ],
        "Location": [
          "https://api-dogfood.resources.windows-int.net/subscriptions/8cfb8b62-bcd6-4713-89ad-18097f75cc5b/providers/Microsoft.Sql/locations/southeastasia/instanceFailoverGroupOperationResults/6fc0b200-a46d-43af-8f66-5fdb13fd2bd6?api-version=2017-10-01-preview"
        ],
        "Server": [
          "Microsoft-HTTPAPI/2.0"
        ]
      },
      "StatusCode": 202
    },
    {
      "RequestUri": "/subscriptions/8cfb8b62-bcd6-4713-89ad-18097f75cc5b/providers/Microsoft.Sql/locations/southeastasia/instanceFailoverGroupAzureAsyncOperation/6fc0b200-a46d-43af-8f66-5fdb13fd2bd6?api-version=2017-10-01-preview",
      "EncodedRequestUri": "L3N1YnNjcmlwdGlvbnMvOGNmYjhiNjItYmNkNi00NzEzLTg5YWQtMTgwOTdmNzVjYzViL3Byb3ZpZGVycy9NaWNyb3NvZnQuU3FsL2xvY2F0aW9ucy9zb3V0aGVhc3Rhc2lhL2luc3RhbmNlRmFpbG92ZXJHcm91cEF6dXJlQXN5bmNPcGVyYXRpb24vNmZjMGIyMDAtYTQ2ZC00M2FmLThmNjYtNWZkYjEzZmQyYmQ2P2FwaS12ZXJzaW9uPTIwMTctMTAtMDEtcHJldmlldw==",
      "RequestMethod": "GET",
      "RequestBody": "",
      "RequestHeaders": {
        "User-Agent": [
          "FxVersion/4.7.2563.0",
          "OSName/WindowsServer2012R2Datacenter",
          "OSVersion/6.3.9600",
          "Microsoft.Azure.Management.Sql.SqlManagementClient/1.13.1.0"
        ]
      },
      "ResponseBody": "{\r\n  \"name\": \"6fc0b200-a46d-43af-8f66-5fdb13fd2bd6\",\r\n  \"status\": \"InProgress\",\r\n  \"startTime\": \"2018-04-30T23:26:35.14Z\"\r\n}",
      "ResponseHeaders": {
        "Content-Length": [
          "107"
        ],
        "Content-Type": [
          "application/json; charset=utf-8"
        ],
        "Expires": [
          "-1"
        ],
        "Pragma": [
          "no-cache"
        ],
        "Retry-After": [
          "10"
        ],
        "x-ms-request-id": [
          "60b74be0-6bb8-405d-b30e-65231d1212a6"
        ],
        "x-ms-ratelimit-remaining-subscription-reads": [
          "14968"
        ],
        "x-ms-correlation-request-id": [
          "f355d472-39c8-4489-b1d5-8984dbe16bec"
        ],
        "x-ms-routing-request-id": [
          "NORTHEUROPE:20180430T232646Z:f355d472-39c8-4489-b1d5-8984dbe16bec"
        ],
        "Strict-Transport-Security": [
          "max-age=31536000; includeSubDomains"
        ],
        "X-Content-Type-Options": [
          "nosniff"
        ],
        "Cache-Control": [
          "no-cache"
        ],
        "Date": [
          "Mon, 30 Apr 2018 23:26:46 GMT"
        ],
        "Server": [
          "Microsoft-HTTPAPI/2.0"
        ]
      },
      "StatusCode": 200
    },
    {
      "RequestUri": "/subscriptions/8cfb8b62-bcd6-4713-89ad-18097f75cc5b/providers/Microsoft.Sql/locations/southeastasia/instanceFailoverGroupAzureAsyncOperation/6fc0b200-a46d-43af-8f66-5fdb13fd2bd6?api-version=2017-10-01-preview",
      "EncodedRequestUri": "L3N1YnNjcmlwdGlvbnMvOGNmYjhiNjItYmNkNi00NzEzLTg5YWQtMTgwOTdmNzVjYzViL3Byb3ZpZGVycy9NaWNyb3NvZnQuU3FsL2xvY2F0aW9ucy9zb3V0aGVhc3Rhc2lhL2luc3RhbmNlRmFpbG92ZXJHcm91cEF6dXJlQXN5bmNPcGVyYXRpb24vNmZjMGIyMDAtYTQ2ZC00M2FmLThmNjYtNWZkYjEzZmQyYmQ2P2FwaS12ZXJzaW9uPTIwMTctMTAtMDEtcHJldmlldw==",
      "RequestMethod": "GET",
      "RequestBody": "",
      "RequestHeaders": {
        "User-Agent": [
          "FxVersion/4.7.2563.0",
          "OSName/WindowsServer2012R2Datacenter",
          "OSVersion/6.3.9600",
          "Microsoft.Azure.Management.Sql.SqlManagementClient/1.13.1.0"
        ]
      },
      "ResponseBody": "{\r\n  \"name\": \"6fc0b200-a46d-43af-8f66-5fdb13fd2bd6\",\r\n  \"status\": \"Succeeded\",\r\n  \"startTime\": \"2018-04-30T23:26:35.14Z\"\r\n}",
      "ResponseHeaders": {
        "Content-Length": [
          "106"
        ],
        "Content-Type": [
          "application/json; charset=utf-8"
        ],
        "Expires": [
          "-1"
        ],
        "Pragma": [
          "no-cache"
        ],
        "Retry-After": [
          "10"
        ],
        "x-ms-request-id": [
          "4d40dc50-61e7-48b3-98b7-52fbbc39d8ba"
        ],
        "x-ms-ratelimit-remaining-subscription-reads": [
          "14967"
        ],
        "x-ms-correlation-request-id": [
          "92ab41b8-afb0-4101-98af-13540cfa3d93"
        ],
        "x-ms-routing-request-id": [
          "NORTHEUROPE:20180430T232657Z:92ab41b8-afb0-4101-98af-13540cfa3d93"
        ],
        "Strict-Transport-Security": [
          "max-age=31536000; includeSubDomains"
        ],
        "X-Content-Type-Options": [
          "nosniff"
        ],
        "Cache-Control": [
          "no-cache"
        ],
        "Date": [
          "Mon, 30 Apr 2018 23:26:57 GMT"
        ],
        "Server": [
          "Microsoft-HTTPAPI/2.0"
        ]
      },
      "StatusCode": 200
    },
    {
      "RequestUri": "/subscriptions/8cfb8b62-bcd6-4713-89ad-18097f75cc5b/resourceGroups/testclrg/providers/Microsoft.Sql/locations/Southeast%20Asia/instanceFailoverGroups/ps5121?api-version=2017-10-01-preview",
      "EncodedRequestUri": "L3N1YnNjcmlwdGlvbnMvOGNmYjhiNjItYmNkNi00NzEzLTg5YWQtMTgwOTdmNzVjYzViL3Jlc291cmNlR3JvdXBzL3Rlc3RjbHJnL3Byb3ZpZGVycy9NaWNyb3NvZnQuU3FsL2xvY2F0aW9ucy9Tb3V0aGVhc3QlMjBBc2lhL2luc3RhbmNlRmFpbG92ZXJHcm91cHMvcHM1MTIxP2FwaS12ZXJzaW9uPTIwMTctMTAtMDEtcHJldmlldw==",
      "RequestMethod": "GET",
      "RequestBody": "",
      "RequestHeaders": {
        "x-ms-client-request-id": [
          "3c149502-af49-48da-bb37-d83fd3f48d5e"
        ],
        "accept-language": [
          "en-US"
        ],
        "User-Agent": [
          "FxVersion/4.7.2563.0",
          "OSName/WindowsServer2012R2Datacenter",
          "OSVersion/6.3.9600",
          "Microsoft.Azure.Management.Sql.SqlManagementClient/1.13.1.0"
        ]
      },
      "ResponseBody": "{\r\n  \"properties\": {\r\n    \"readWriteEndpoint\": {\r\n      \"failoverPolicy\": \"Automatic\",\r\n      \"failoverWithDataLossGracePeriodMinutes\": 60\r\n    },\r\n    \"readOnlyEndpoint\": {\r\n      \"failoverPolicy\": \"Disabled\"\r\n    },\r\n    \"replicationRole\": \"Primary\",\r\n    \"replicationState\": \"CATCH_UP\",\r\n    \"partnerRegions\": [\r\n      {\r\n        \"location\": \"Southeast Asia\",\r\n        \"replicationRole\": \"Secondary\"\r\n      }\r\n    ],\r\n    \"managedInstancePairs\": [\r\n      {\r\n        \"primaryManagedInstanceId\": \"/subscriptions/8cfb8b62-bcd6-4713-89ad-18097f75cc5b/resourceGroups/testclrg/providers/Microsoft.Sql/managedInstances/tdstage-haimb-dont-delete-3\",\r\n        \"partnerManagedInstanceId\": \"/subscriptions/8cfb8b62-bcd6-4713-89ad-18097f75cc5b/resourceGroups/testclrg/providers/Microsoft.Sql/managedInstances/threat-detection-test-1\"\r\n      }\r\n    ]\r\n  },\r\n  \"id\": \"/subscriptions/8cfb8b62-bcd6-4713-89ad-18097f75cc5b/resourceGroups/testclrg/providers/Microsoft.Sql/locations/Southeast Asia/instanceFailoverGroups/ps5121\",\r\n  \"name\": \"ps5121\",\r\n  \"type\": \"Microsoft.Sql/locations/instanceFailoverGroups\"\r\n}",
      "ResponseHeaders": {
        "Content-Length": [
          "902"
        ],
        "Content-Type": [
          "application/json; charset=utf-8"
        ],
        "Expires": [
          "-1"
        ],
        "Pragma": [
          "no-cache"
        ],
        "x-ms-request-id": [
          "c64ab3ac-ff71-4230-95fa-a85a0327503a"
        ],
        "x-ms-ratelimit-remaining-subscription-reads": [
          "14965"
        ],
        "x-ms-correlation-request-id": [
          "b8a153bd-795e-41ac-982b-0abc9f96a2c5"
        ],
        "x-ms-routing-request-id": [
          "NORTHEUROPE:20180430T232658Z:b8a153bd-795e-41ac-982b-0abc9f96a2c5"
        ],
        "Strict-Transport-Security": [
          "max-age=31536000; includeSubDomains"
        ],
        "X-Content-Type-Options": [
          "nosniff"
        ],
        "Cache-Control": [
          "no-cache"
        ],
        "Date": [
          "Mon, 30 Apr 2018 23:26:57 GMT"
        ],
        "Server": [
          "Microsoft-HTTPAPI/2.0"
        ]
      },
      "StatusCode": 200
    },
    {
      "RequestUri": "/subscriptions/8cfb8b62-bcd6-4713-89ad-18097f75cc5b/resourceGroups/testclrg/providers/Microsoft.Sql/locations/Southeast%20Asia/instanceFailoverGroups/ps5121?api-version=2017-10-01-preview",
      "EncodedRequestUri": "L3N1YnNjcmlwdGlvbnMvOGNmYjhiNjItYmNkNi00NzEzLTg5YWQtMTgwOTdmNzVjYzViL3Jlc291cmNlR3JvdXBzL3Rlc3RjbHJnL3Byb3ZpZGVycy9NaWNyb3NvZnQuU3FsL2xvY2F0aW9ucy9Tb3V0aGVhc3QlMjBBc2lhL2luc3RhbmNlRmFpbG92ZXJHcm91cHMvcHM1MTIxP2FwaS12ZXJzaW9uPTIwMTctMTAtMDEtcHJldmlldw==",
      "RequestMethod": "GET",
      "RequestBody": "",
      "RequestHeaders": {
        "User-Agent": [
          "FxVersion/4.7.2563.0",
          "OSName/WindowsServer2012R2Datacenter",
          "OSVersion/6.3.9600",
          "Microsoft.Azure.Management.Sql.SqlManagementClient/1.13.1.0"
        ]
      },
      "ResponseBody": "{\r\n  \"properties\": {\r\n    \"readWriteEndpoint\": {\r\n      \"failoverPolicy\": \"Automatic\",\r\n      \"failoverWithDataLossGracePeriodMinutes\": 7380\r\n    },\r\n    \"readOnlyEndpoint\": {\r\n      \"failoverPolicy\": \"Enabled\"\r\n    },\r\n    \"replicationRole\": \"Primary\",\r\n    \"replicationState\": \"CATCH_UP\",\r\n    \"partnerRegions\": [\r\n      {\r\n        \"location\": \"Southeast Asia\",\r\n        \"replicationRole\": \"Secondary\"\r\n      }\r\n    ],\r\n    \"managedInstancePairs\": [\r\n      {\r\n        \"primaryManagedInstanceId\": \"/subscriptions/8cfb8b62-bcd6-4713-89ad-18097f75cc5b/resourceGroups/testclrg/providers/Microsoft.Sql/managedInstances/tdstage-haimb-dont-delete-3\",\r\n        \"partnerManagedInstanceId\": \"/subscriptions/8cfb8b62-bcd6-4713-89ad-18097f75cc5b/resourceGroups/testclrg/providers/Microsoft.Sql/managedInstances/threat-detection-test-1\"\r\n      }\r\n    ]\r\n  },\r\n  \"id\": \"/subscriptions/8cfb8b62-bcd6-4713-89ad-18097f75cc5b/resourceGroups/testclrg/providers/Microsoft.Sql/locations/Southeast Asia/instanceFailoverGroups/ps5121\",\r\n  \"name\": \"ps5121\",\r\n  \"type\": \"Microsoft.Sql/locations/instanceFailoverGroups\"\r\n}",
      "ResponseHeaders": {
        "Content-Length": [
          "903"
        ],
        "Content-Type": [
          "application/json; charset=utf-8"
        ],
        "Expires": [
          "-1"
        ],
        "Pragma": [
          "no-cache"
        ],
        "x-ms-request-id": [
          "622ed7bd-9695-4ca4-af98-b4524ef3d758"
        ],
        "x-ms-ratelimit-remaining-subscription-reads": [
          "14962"
        ],
        "x-ms-correlation-request-id": [
          "943b5f5d-dc0a-42d7-9cfd-fa152f1363e0"
        ],
        "x-ms-routing-request-id": [
          "NORTHEUROPE:20180430T232721Z:943b5f5d-dc0a-42d7-9cfd-fa152f1363e0"
        ],
        "Strict-Transport-Security": [
          "max-age=31536000; includeSubDomains"
        ],
        "X-Content-Type-Options": [
          "nosniff"
        ],
        "Cache-Control": [
          "no-cache"
        ],
        "Date": [
          "Mon, 30 Apr 2018 23:27:21 GMT"
        ],
        "Server": [
          "Microsoft-HTTPAPI/2.0"
        ]
      },
      "StatusCode": 200
    },
    {
      "RequestUri": "/subscriptions/8cfb8b62-bcd6-4713-89ad-18097f75cc5b/resourceGroups/testclrg/providers/Microsoft.Sql/locations/Southeast%20Asia/instanceFailoverGroups/ps5121?api-version=2017-10-01-preview",
      "EncodedRequestUri": "L3N1YnNjcmlwdGlvbnMvOGNmYjhiNjItYmNkNi00NzEzLTg5YWQtMTgwOTdmNzVjYzViL3Jlc291cmNlR3JvdXBzL3Rlc3RjbHJnL3Byb3ZpZGVycy9NaWNyb3NvZnQuU3FsL2xvY2F0aW9ucy9Tb3V0aGVhc3QlMjBBc2lhL2luc3RhbmNlRmFpbG92ZXJHcm91cHMvcHM1MTIxP2FwaS12ZXJzaW9uPTIwMTctMTAtMDEtcHJldmlldw==",
      "RequestMethod": "GET",
      "RequestBody": "",
      "RequestHeaders": {
        "x-ms-client-request-id": [
          "386333e0-fc08-472f-922c-29c21ae94b78"
        ],
        "accept-language": [
          "en-US"
        ],
        "User-Agent": [
          "FxVersion/4.7.2563.0",
          "OSName/WindowsServer2012R2Datacenter",
          "OSVersion/6.3.9600",
          "Microsoft.Azure.Management.Sql.SqlManagementClient/1.13.1.0"
        ]
      },
      "ResponseBody": "{\r\n  \"properties\": {\r\n    \"readWriteEndpoint\": {\r\n      \"failoverPolicy\": \"Automatic\",\r\n      \"failoverWithDataLossGracePeriodMinutes\": 7380\r\n    },\r\n    \"readOnlyEndpoint\": {\r\n      \"failoverPolicy\": \"Enabled\"\r\n    },\r\n    \"replicationRole\": \"Primary\",\r\n    \"replicationState\": \"CATCH_UP\",\r\n    \"partnerRegions\": [\r\n      {\r\n        \"location\": \"Southeast Asia\",\r\n        \"replicationRole\": \"Secondary\"\r\n      }\r\n    ],\r\n    \"managedInstancePairs\": [\r\n      {\r\n        \"primaryManagedInstanceId\": \"/subscriptions/8cfb8b62-bcd6-4713-89ad-18097f75cc5b/resourceGroups/testclrg/providers/Microsoft.Sql/managedInstances/tdstage-haimb-dont-delete-3\",\r\n        \"partnerManagedInstanceId\": \"/subscriptions/8cfb8b62-bcd6-4713-89ad-18097f75cc5b/resourceGroups/testclrg/providers/Microsoft.Sql/managedInstances/threat-detection-test-1\"\r\n      }\r\n    ]\r\n  },\r\n  \"id\": \"/subscriptions/8cfb8b62-bcd6-4713-89ad-18097f75cc5b/resourceGroups/testclrg/providers/Microsoft.Sql/locations/Southeast Asia/instanceFailoverGroups/ps5121\",\r\n  \"name\": \"ps5121\",\r\n  \"type\": \"Microsoft.Sql/locations/instanceFailoverGroups\"\r\n}",
      "ResponseHeaders": {
        "Content-Length": [
          "903"
        ],
        "Content-Type": [
          "application/json; charset=utf-8"
        ],
        "Expires": [
          "-1"
        ],
        "Pragma": [
          "no-cache"
        ],
        "x-ms-request-id": [
          "68ee0226-429e-4ccc-a6e7-41f81cf72bae"
        ],
        "x-ms-ratelimit-remaining-subscription-reads": [
          "14961"
        ],
        "x-ms-correlation-request-id": [
          "b6dfcaf9-8172-4ccf-bd77-2e68a5cf22a5"
        ],
        "x-ms-routing-request-id": [
          "NORTHEUROPE:20180430T232722Z:b6dfcaf9-8172-4ccf-bd77-2e68a5cf22a5"
        ],
        "Strict-Transport-Security": [
          "max-age=31536000; includeSubDomains"
        ],
        "X-Content-Type-Options": [
          "nosniff"
        ],
        "Cache-Control": [
          "no-cache"
        ],
        "Date": [
          "Mon, 30 Apr 2018 23:27:21 GMT"
        ],
        "Server": [
          "Microsoft-HTTPAPI/2.0"
        ]
      },
      "StatusCode": 200
    },
    {
      "RequestUri": "/subscriptions/8cfb8b62-bcd6-4713-89ad-18097f75cc5b/resourceGroups/testclrg/providers/Microsoft.Sql/locations/Southeast%20Asia/instanceFailoverGroups/ps5121?api-version=2017-10-01-preview",
      "EncodedRequestUri": "L3N1YnNjcmlwdGlvbnMvOGNmYjhiNjItYmNkNi00NzEzLTg5YWQtMTgwOTdmNzVjYzViL3Jlc291cmNlR3JvdXBzL3Rlc3RjbHJnL3Byb3ZpZGVycy9NaWNyb3NvZnQuU3FsL2xvY2F0aW9ucy9Tb3V0aGVhc3QlMjBBc2lhL2luc3RhbmNlRmFpbG92ZXJHcm91cHMvcHM1MTIxP2FwaS12ZXJzaW9uPTIwMTctMTAtMDEtcHJldmlldw==",
      "RequestMethod": "GET",
      "RequestBody": "",
      "RequestHeaders": {
        "x-ms-client-request-id": [
          "2b99e15d-bbd2-4105-984c-8d3b4c1dc90e"
        ],
        "accept-language": [
          "en-US"
        ],
        "User-Agent": [
          "FxVersion/4.7.2563.0",
          "OSName/WindowsServer2012R2Datacenter",
          "OSVersion/6.3.9600",
          "Microsoft.Azure.Management.Sql.SqlManagementClient/1.13.1.0"
        ]
      },
      "ResponseBody": "{\r\n  \"properties\": {\r\n    \"readWriteEndpoint\": {\r\n      \"failoverPolicy\": \"Automatic\",\r\n      \"failoverWithDataLossGracePeriodMinutes\": 7380\r\n    },\r\n    \"readOnlyEndpoint\": {\r\n      \"failoverPolicy\": \"Enabled\"\r\n    },\r\n    \"replicationRole\": \"Primary\",\r\n    \"replicationState\": \"CATCH_UP\",\r\n    \"partnerRegions\": [\r\n      {\r\n        \"location\": \"Southeast Asia\",\r\n        \"replicationRole\": \"Secondary\"\r\n      }\r\n    ],\r\n    \"managedInstancePairs\": [\r\n      {\r\n        \"primaryManagedInstanceId\": \"/subscriptions/8cfb8b62-bcd6-4713-89ad-18097f75cc5b/resourceGroups/testclrg/providers/Microsoft.Sql/managedInstances/tdstage-haimb-dont-delete-3\",\r\n        \"partnerManagedInstanceId\": \"/subscriptions/8cfb8b62-bcd6-4713-89ad-18097f75cc5b/resourceGroups/testclrg/providers/Microsoft.Sql/managedInstances/threat-detection-test-1\"\r\n      }\r\n    ]\r\n  },\r\n  \"id\": \"/subscriptions/8cfb8b62-bcd6-4713-89ad-18097f75cc5b/resourceGroups/testclrg/providers/Microsoft.Sql/locations/Southeast Asia/instanceFailoverGroups/ps5121\",\r\n  \"name\": \"ps5121\",\r\n  \"type\": \"Microsoft.Sql/locations/instanceFailoverGroups\"\r\n}",
      "ResponseHeaders": {
        "Content-Length": [
          "903"
        ],
        "Content-Type": [
          "application/json; charset=utf-8"
        ],
        "Expires": [
          "-1"
        ],
        "Pragma": [
          "no-cache"
        ],
        "x-ms-request-id": [
          "bc8b9b48-61bf-447f-a816-607590646f35"
        ],
        "x-ms-ratelimit-remaining-subscription-reads": [
          "14960"
        ],
        "x-ms-correlation-request-id": [
          "648f3f6f-70ea-4d7a-980c-0ea8f1314096"
        ],
        "x-ms-routing-request-id": [
          "NORTHEUROPE:20180430T232722Z:648f3f6f-70ea-4d7a-980c-0ea8f1314096"
        ],
        "Strict-Transport-Security": [
          "max-age=31536000; includeSubDomains"
        ],
        "X-Content-Type-Options": [
          "nosniff"
        ],
        "Cache-Control": [
          "no-cache"
        ],
        "Date": [
          "Mon, 30 Apr 2018 23:27:21 GMT"
        ],
        "Server": [
          "Microsoft-HTTPAPI/2.0"
        ]
      },
      "StatusCode": 200
    },
    {
      "RequestUri": "/subscriptions/8cfb8b62-bcd6-4713-89ad-18097f75cc5b/resourceGroups/testclrg/providers/Microsoft.Sql/locations/Southeast%20Asia/instanceFailoverGroups/ps5121?api-version=2017-10-01-preview",
      "EncodedRequestUri": "L3N1YnNjcmlwdGlvbnMvOGNmYjhiNjItYmNkNi00NzEzLTg5YWQtMTgwOTdmNzVjYzViL3Jlc291cmNlR3JvdXBzL3Rlc3RjbHJnL3Byb3ZpZGVycy9NaWNyb3NvZnQuU3FsL2xvY2F0aW9ucy9Tb3V0aGVhc3QlMjBBc2lhL2luc3RhbmNlRmFpbG92ZXJHcm91cHMvcHM1MTIxP2FwaS12ZXJzaW9uPTIwMTctMTAtMDEtcHJldmlldw==",
      "RequestMethod": "PUT",
      "RequestBody": "{\r\n  \"properties\": {\r\n    \"readWriteEndpoint\": {\r\n      \"failoverPolicy\": \"Automatic\",\r\n      \"failoverWithDataLossGracePeriodMinutes\": 7380\r\n    },\r\n    \"readOnlyEndpoint\": {\r\n      \"failoverPolicy\": \"Enabled\"\r\n    },\r\n    \"partnerRegions\": [\r\n      {\r\n        \"location\": \"Southeast Asia\"\r\n      }\r\n    ],\r\n    \"managedInstancePairs\": [\r\n      {\r\n        \"primaryManagedInstanceId\": \"/subscriptions/8cfb8b62-bcd6-4713-89ad-18097f75cc5b/resourceGroups/testclrg/providers/Microsoft.Sql/ManagedInstances/tdstage-haimb-dont-delete-3\",\r\n        \"partnerManagedInstanceId\": \"/subscriptions/8cfb8b62-bcd6-4713-89ad-18097f75cc5b/resourceGroups/testclrg/providers/Microsoft.Sql/ManagedInstances/threat-detection-test-1\"\r\n      }\r\n    ]\r\n  }\r\n}",
      "RequestHeaders": {
        "Content-Type": [
          "application/json; charset=utf-8"
        ],
        "Content-Length": [
          "736"
        ],
        "x-ms-client-request-id": [
          "a00f5d66-26a1-4498-9b14-2995507fef7d"
        ],
        "accept-language": [
          "en-US"
        ],
        "User-Agent": [
          "FxVersion/4.7.2563.0",
          "OSName/WindowsServer2012R2Datacenter",
          "OSVersion/6.3.9600",
          "Microsoft.Azure.Management.Sql.SqlManagementClient/1.13.1.0"
        ]
      },
      "ResponseBody": "{\r\n  \"operation\": \"UpdateManagedFailoverGroup\",\r\n  \"startTime\": \"2018-04-30T23:26:58.667Z\"\r\n}",
      "ResponseHeaders": {
        "Content-Length": [
          "81"
        ],
        "Content-Type": [
          "application/json; charset=utf-8"
        ],
        "Expires": [
          "-1"
        ],
        "Pragma": [
          "no-cache"
        ],
        "Retry-After": [
          "10"
        ],
        "Azure-AsyncOperation": [
          "https://api-dogfood.resources.windows-int.net/subscriptions/8cfb8b62-bcd6-4713-89ad-18097f75cc5b/providers/Microsoft.Sql/locations/southeastasia/instanceFailoverGroupAzureAsyncOperation/f98b8987-3620-4764-9734-22ba59f72959?api-version=2017-10-01-preview"
        ],
        "x-ms-request-id": [
          "f98b8987-3620-4764-9734-22ba59f72959"
        ],
        "x-ms-ratelimit-remaining-subscription-writes": [
          "1194"
        ],
        "x-ms-correlation-request-id": [
          "a8bf568b-1c94-4544-8984-2808d3f4539e"
        ],
        "x-ms-routing-request-id": [
          "NORTHEUROPE:20180430T232659Z:a8bf568b-1c94-4544-8984-2808d3f4539e"
        ],
        "Strict-Transport-Security": [
          "max-age=31536000; includeSubDomains"
        ],
        "X-Content-Type-Options": [
          "nosniff"
        ],
        "Cache-Control": [
          "no-cache"
        ],
        "Date": [
          "Mon, 30 Apr 2018 23:26:59 GMT"
        ],
        "Location": [
          "https://api-dogfood.resources.windows-int.net/subscriptions/8cfb8b62-bcd6-4713-89ad-18097f75cc5b/providers/Microsoft.Sql/locations/southeastasia/instanceFailoverGroupOperationResults/f98b8987-3620-4764-9734-22ba59f72959?api-version=2017-10-01-preview"
        ],
        "Server": [
          "Microsoft-HTTPAPI/2.0"
        ]
      },
      "StatusCode": 202
    },
    {
      "RequestUri": "/subscriptions/8cfb8b62-bcd6-4713-89ad-18097f75cc5b/providers/Microsoft.Sql/locations/southeastasia/instanceFailoverGroupAzureAsyncOperation/f98b8987-3620-4764-9734-22ba59f72959?api-version=2017-10-01-preview",
      "EncodedRequestUri": "L3N1YnNjcmlwdGlvbnMvOGNmYjhiNjItYmNkNi00NzEzLTg5YWQtMTgwOTdmNzVjYzViL3Byb3ZpZGVycy9NaWNyb3NvZnQuU3FsL2xvY2F0aW9ucy9zb3V0aGVhc3Rhc2lhL2luc3RhbmNlRmFpbG92ZXJHcm91cEF6dXJlQXN5bmNPcGVyYXRpb24vZjk4Yjg5ODctMzYyMC00NzY0LTk3MzQtMjJiYTU5ZjcyOTU5P2FwaS12ZXJzaW9uPTIwMTctMTAtMDEtcHJldmlldw==",
      "RequestMethod": "GET",
      "RequestBody": "",
      "RequestHeaders": {
        "User-Agent": [
          "FxVersion/4.7.2563.0",
          "OSName/WindowsServer2012R2Datacenter",
          "OSVersion/6.3.9600",
          "Microsoft.Azure.Management.Sql.SqlManagementClient/1.13.1.0"
        ]
      },
      "ResponseBody": "{\r\n  \"name\": \"f98b8987-3620-4764-9734-22ba59f72959\",\r\n  \"status\": \"InProgress\",\r\n  \"startTime\": \"2018-04-30T23:26:58.667Z\"\r\n}",
      "ResponseHeaders": {
        "Content-Length": [
          "108"
        ],
        "Content-Type": [
          "application/json; charset=utf-8"
        ],
        "Expires": [
          "-1"
        ],
        "Pragma": [
          "no-cache"
        ],
        "Retry-After": [
          "10"
        ],
        "x-ms-request-id": [
          "b8f1b20f-194f-4b40-92eb-09b3851aa818"
        ],
        "x-ms-ratelimit-remaining-subscription-reads": [
          "14964"
        ],
        "x-ms-correlation-request-id": [
          "62ce4c83-bdb5-4d03-aebc-68cc3d5b6115"
        ],
        "x-ms-routing-request-id": [
          "NORTHEUROPE:20180430T232710Z:62ce4c83-bdb5-4d03-aebc-68cc3d5b6115"
        ],
        "Strict-Transport-Security": [
          "max-age=31536000; includeSubDomains"
        ],
        "X-Content-Type-Options": [
          "nosniff"
        ],
        "Cache-Control": [
          "no-cache"
        ],
        "Date": [
          "Mon, 30 Apr 2018 23:27:09 GMT"
        ],
        "Server": [
          "Microsoft-HTTPAPI/2.0"
        ]
      },
      "StatusCode": 200
    },
    {
      "RequestUri": "/subscriptions/8cfb8b62-bcd6-4713-89ad-18097f75cc5b/providers/Microsoft.Sql/locations/southeastasia/instanceFailoverGroupAzureAsyncOperation/f98b8987-3620-4764-9734-22ba59f72959?api-version=2017-10-01-preview",
      "EncodedRequestUri": "L3N1YnNjcmlwdGlvbnMvOGNmYjhiNjItYmNkNi00NzEzLTg5YWQtMTgwOTdmNzVjYzViL3Byb3ZpZGVycy9NaWNyb3NvZnQuU3FsL2xvY2F0aW9ucy9zb3V0aGVhc3Rhc2lhL2luc3RhbmNlRmFpbG92ZXJHcm91cEF6dXJlQXN5bmNPcGVyYXRpb24vZjk4Yjg5ODctMzYyMC00NzY0LTk3MzQtMjJiYTU5ZjcyOTU5P2FwaS12ZXJzaW9uPTIwMTctMTAtMDEtcHJldmlldw==",
      "RequestMethod": "GET",
      "RequestBody": "",
      "RequestHeaders": {
        "User-Agent": [
          "FxVersion/4.7.2563.0",
          "OSName/WindowsServer2012R2Datacenter",
          "OSVersion/6.3.9600",
          "Microsoft.Azure.Management.Sql.SqlManagementClient/1.13.1.0"
        ]
      },
      "ResponseBody": "{\r\n  \"name\": \"f98b8987-3620-4764-9734-22ba59f72959\",\r\n  \"status\": \"Succeeded\",\r\n  \"startTime\": \"2018-04-30T23:26:58.667Z\"\r\n}",
      "ResponseHeaders": {
        "Content-Length": [
          "107"
        ],
        "Content-Type": [
          "application/json; charset=utf-8"
        ],
        "Expires": [
          "-1"
        ],
        "Pragma": [
          "no-cache"
        ],
        "Retry-After": [
          "10"
        ],
        "x-ms-request-id": [
          "ba91e111-8774-45d9-86a2-404784348baa"
        ],
        "x-ms-ratelimit-remaining-subscription-reads": [
          "14963"
        ],
        "x-ms-correlation-request-id": [
          "0cc42948-f473-4e38-bfdb-7799f63484f7"
        ],
        "x-ms-routing-request-id": [
          "NORTHEUROPE:20180430T232720Z:0cc42948-f473-4e38-bfdb-7799f63484f7"
        ],
        "Strict-Transport-Security": [
          "max-age=31536000; includeSubDomains"
        ],
        "X-Content-Type-Options": [
          "nosniff"
        ],
        "Cache-Control": [
          "no-cache"
        ],
        "Date": [
          "Mon, 30 Apr 2018 23:27:20 GMT"
        ],
        "Server": [
          "Microsoft-HTTPAPI/2.0"
        ]
      },
      "StatusCode": 200
    },
    {
      "RequestUri": "/subscriptions/8cfb8b62-bcd6-4713-89ad-18097f75cc5b/resourceGroups/testclrg/providers/Microsoft.Sql/locations/Southeast%20Asia/instanceFailoverGroups/ps5121?api-version=2017-10-01-preview",
      "EncodedRequestUri": "L3N1YnNjcmlwdGlvbnMvOGNmYjhiNjItYmNkNi00NzEzLTg5YWQtMTgwOTdmNzVjYzViL3Jlc291cmNlR3JvdXBzL3Rlc3RjbHJnL3Byb3ZpZGVycy9NaWNyb3NvZnQuU3FsL2xvY2F0aW9ucy9Tb3V0aGVhc3QlMjBBc2lhL2luc3RhbmNlRmFpbG92ZXJHcm91cHMvcHM1MTIxP2FwaS12ZXJzaW9uPTIwMTctMTAtMDEtcHJldmlldw==",
      "RequestMethod": "DELETE",
      "RequestBody": "",
      "RequestHeaders": {
        "x-ms-client-request-id": [
          "09c7cbd0-f86b-41f2-a3d5-4e8e4b264fec"
        ],
        "accept-language": [
          "en-US"
        ],
        "User-Agent": [
          "FxVersion/4.7.2563.0",
          "OSName/WindowsServer2012R2Datacenter",
          "OSVersion/6.3.9600",
          "Microsoft.Azure.Management.Sql.SqlManagementClient/1.13.1.0"
        ]
      },
      "ResponseBody": "{\r\n  \"operation\": \"DropManagedFailoverGroup\",\r\n  \"startTime\": \"2018-04-30T23:27:22.83Z\"\r\n}",
      "ResponseHeaders": {
        "Content-Length": [
          "78"
        ],
        "Content-Type": [
          "application/json; charset=utf-8"
        ],
        "Expires": [
          "-1"
        ],
        "Pragma": [
          "no-cache"
        ],
        "Retry-After": [
          "10"
        ],
        "Azure-AsyncOperation": [
          "https://api-dogfood.resources.windows-int.net/subscriptions/8cfb8b62-bcd6-4713-89ad-18097f75cc5b/providers/Microsoft.Sql/locations/southeastasia/instanceFailoverGroupAzureAsyncOperation/1ae03457-f004-4183-a2b0-58f8b0223265?api-version=2017-10-01-preview"
        ],
        "x-ms-request-id": [
          "1ae03457-f004-4183-a2b0-58f8b0223265"
        ],
        "x-ms-ratelimit-remaining-subscription-deletes": [
          "14996"
        ],
        "x-ms-correlation-request-id": [
          "a55a2f95-982c-43af-b7da-c62d5e9ad6e0"
        ],
        "x-ms-routing-request-id": [
          "NORTHEUROPE:20180430T232724Z:a55a2f95-982c-43af-b7da-c62d5e9ad6e0"
        ],
        "Strict-Transport-Security": [
          "max-age=31536000; includeSubDomains"
        ],
        "X-Content-Type-Options": [
          "nosniff"
        ],
        "Cache-Control": [
          "no-cache"
        ],
        "Date": [
          "Mon, 30 Apr 2018 23:27:23 GMT"
        ],
        "Location": [
          "https://api-dogfood.resources.windows-int.net/subscriptions/8cfb8b62-bcd6-4713-89ad-18097f75cc5b/providers/Microsoft.Sql/locations/southeastasia/instanceFailoverGroupOperationResults/1ae03457-f004-4183-a2b0-58f8b0223265?api-version=2017-10-01-preview"
        ],
        "Server": [
          "Microsoft-HTTPAPI/2.0"
        ]
      },
      "StatusCode": 202
    },
    {
      "RequestUri": "/subscriptions/8cfb8b62-bcd6-4713-89ad-18097f75cc5b/providers/Microsoft.Sql/locations/southeastasia/instanceFailoverGroupAzureAsyncOperation/1ae03457-f004-4183-a2b0-58f8b0223265?api-version=2017-10-01-preview",
      "EncodedRequestUri": "L3N1YnNjcmlwdGlvbnMvOGNmYjhiNjItYmNkNi00NzEzLTg5YWQtMTgwOTdmNzVjYzViL3Byb3ZpZGVycy9NaWNyb3NvZnQuU3FsL2xvY2F0aW9ucy9zb3V0aGVhc3Rhc2lhL2luc3RhbmNlRmFpbG92ZXJHcm91cEF6dXJlQXN5bmNPcGVyYXRpb24vMWFlMDM0NTctZjAwNC00MTgzLWEyYjAtNThmOGIwMjIzMjY1P2FwaS12ZXJzaW9uPTIwMTctMTAtMDEtcHJldmlldw==",
      "RequestMethod": "GET",
      "RequestBody": "",
      "RequestHeaders": {
        "User-Agent": [
          "FxVersion/4.7.2563.0",
          "OSName/WindowsServer2012R2Datacenter",
          "OSVersion/6.3.9600",
          "Microsoft.Azure.Management.Sql.SqlManagementClient/1.13.1.0"
        ]
      },
      "ResponseBody": "{\r\n  \"name\": \"1ae03457-f004-4183-a2b0-58f8b0223265\",\r\n  \"status\": \"Succeeded\",\r\n  \"startTime\": \"2018-04-30T23:27:22.83Z\"\r\n}",
      "ResponseHeaders": {
        "Content-Length": [
          "106"
        ],
        "Content-Type": [
          "application/json; charset=utf-8"
        ],
        "Expires": [
          "-1"
        ],
        "Pragma": [
          "no-cache"
        ],
        "Retry-After": [
          "10"
        ],
        "x-ms-request-id": [
          "49706259-fc94-4e63-9819-5b7d8daf03ba"
        ],
        "x-ms-ratelimit-remaining-subscription-reads": [
          "14959"
        ],
        "x-ms-correlation-request-id": [
          "da00a1eb-983b-4504-bff5-b8070c6f043e"
        ],
        "x-ms-routing-request-id": [
          "NORTHEUROPE:20180430T232734Z:da00a1eb-983b-4504-bff5-b8070c6f043e"
        ],
        "Strict-Transport-Security": [
          "max-age=31536000; includeSubDomains"
        ],
        "X-Content-Type-Options": [
          "nosniff"
        ],
        "Cache-Control": [
          "no-cache"
        ],
        "Date": [
          "Mon, 30 Apr 2018 23:27:33 GMT"
        ],
        "Server": [
          "Microsoft-HTTPAPI/2.0"
        ]
      },
      "StatusCode": 200
    },
    {
      "RequestUri": "/subscriptions/8cfb8b62-bcd6-4713-89ad-18097f75cc5b/providers/Microsoft.Sql/locations/southeastasia/instanceFailoverGroupOperationResults/1ae03457-f004-4183-a2b0-58f8b0223265?api-version=2017-10-01-preview",
      "EncodedRequestUri": "L3N1YnNjcmlwdGlvbnMvOGNmYjhiNjItYmNkNi00NzEzLTg5YWQtMTgwOTdmNzVjYzViL3Byb3ZpZGVycy9NaWNyb3NvZnQuU3FsL2xvY2F0aW9ucy9zb3V0aGVhc3Rhc2lhL2luc3RhbmNlRmFpbG92ZXJHcm91cE9wZXJhdGlvblJlc3VsdHMvMWFlMDM0NTctZjAwNC00MTgzLWEyYjAtNThmOGIwMjIzMjY1P2FwaS12ZXJzaW9uPTIwMTctMTAtMDEtcHJldmlldw==",
      "RequestMethod": "GET",
      "RequestBody": "",
      "RequestHeaders": {
        "User-Agent": [
          "FxVersion/4.7.2563.0",
          "OSName/WindowsServer2012R2Datacenter",
          "OSVersion/6.3.9600",
          "Microsoft.Azure.Management.Sql.SqlManagementClient/1.13.1.0"
        ]
      },
      "ResponseBody": "",
      "ResponseHeaders": {
        "Content-Length": [
          "0"
        ],
        "Expires": [
          "-1"
        ],
        "Pragma": [
          "no-cache"
        ],
        "x-ms-request-id": [
          "98d15b4a-0caa-4986-831d-f059e12562c3"
        ],
        "x-ms-ratelimit-remaining-subscription-reads": [
          "14958"
        ],
        "x-ms-correlation-request-id": [
          "2e83349a-025d-4703-995f-a8bc63a84415"
        ],
        "x-ms-routing-request-id": [
          "NORTHEUROPE:20180430T232734Z:2e83349a-025d-4703-995f-a8bc63a84415"
        ],
        "Strict-Transport-Security": [
          "max-age=31536000; includeSubDomains"
        ],
        "X-Content-Type-Options": [
          "nosniff"
        ],
        "Cache-Control": [
          "no-cache"
        ],
        "Date": [
          "Mon, 30 Apr 2018 23:27:34 GMT"
        ],
        "Server": [
          "Microsoft-HTTPAPI/2.0"
        ]
      },
      "StatusCode": 200
    }
  ],
  "Names": {
    "Test-SetInstanceFailoverGroup-AutomaticWithGracePeriodReadOnlyFailover": [
      "ps5121"
    ]
  },
  "Variables": {
    "SubscriptionId": "8cfb8b62-bcd6-4713-89ad-18097f75cc5b",
    "User": null,
    "TenantId": null
  }
}